
> unibestx@1.0.0 build:h5 /Users/chenqi/Documents/chenqi-front/unibestX
> UNI_INPUT_DIR=. uni build

Compiler version: 4.76（uni-app x）
Compiling...
[96m欢迎使用[35m【vite plug-in unocss】[33m详见：[32mhttps://ext.dcloud.net.cn/plugin?id=17509#rating[39m

uni-app 有新版本发布，请执行 `npx @dcloudio/uvm@latest` 更新，更新日志详见：https://download1.dcloud.net.cn/hbuilderx/changelog/5.15.2026070915.html

欢迎将web站点部署到uniCloud前端网页托管平台，高速、免费、安全、省心，详见：https://uniapp.dcloud.io/uniCloud/hosting
DONE  Build complete.
